
    + FullyQualifiedErrorI 
   d : NativeCommandError
652:152  Error: `"` can be 
652:162  Error: `"` can be 
656:151  Error: `"` can be 
656:161  Error: `"` can be 


